[   0.000000Linuversion 4.1.0-88-generic uidd@lw01-amd6-06) (ccvesion 7.4.0 (unu 7.4.0-1ubuntu1~8.4.1)) #88-UbuntuSM Tue Feb 1 0:11:34 UTC 2020 (Ubuntu 4.15.0-88.88-generic 4.15.18)
[    0.000000] Command line: BOOT_IMAGE=/boot/vmlinuz-4.15.0-88-generic root=UUID=21b922a-7e24-4b08-8dcb-6e30aec99093 ro console=ty1 console=ttyS0
[    0.000000] KERNEL supported cpus:
[    0.000000]   Intel GenuineIntel
[    0.000000]   AMD AuthenticAMD
[    0.000000]   Centaur CentaurHauls
[    0.000000] x86/fpu: Supporting XSAVE feature 0x001: 'x87 floating point registers'
[    0.000000] x86/fpu: Supporting XSAVE feature 0x002: 'SSE registers'
[    0.000000] x86/fpu: Supporting XSAVE feature 0x004: 'AVX registers'
[    0.000000] x86/fpu: xstate_offset[2]:  576, xstate_sizes[2]:  256
[    0.000000] x86/fpu: Enabled xstate features 0x7, context size is 832 bytes, using 'standard' format.
[    0.000000] e820: BIOS-provided physical RAM map:
[    0.000000] BIOS-e820: [mem 0x0000000000000000-0x000000000009fbff] usable
[    0.000000] BIOS-e820: [mem 0x000000000009c00x000000009ffff] reserve
[   0.0000] IOe820: [mem 0x0000000f0000-x0000000000fffff] reserved
[    0.000000] BIOS-e820: [mem 0x0000000000100000-0x000000003ffeffff] usable
[    0.000000] BIOS-e820: [mem 0x000000003fff0000-0x000000003fffffff] ACPI data
[    0.000000] BIOS-e820: [mem 0x00000000fec00000-0x00000000fec00fff] reserved
[    0.000000] BIOS-e820: [mem 0x00000000fee00000-0x00000000fee00fff] reserved
[    0.000000] BIOS-e820: [mem 0x00000000fffc0000-0x00000000ffffffff] reserved
[    0.000000] NX (Execute Disable) protection: active
[    0.000000] SMBIOS 2.5 present.
[    0.000000] DMI: innotek GmbH VirtualBox/VirtualBox, BIOS VirtualBox 12/01/2006
[    0.000000] Hypervisor detected: KVM
[    0.000000] e820: last_pfn = 0x3fff0 max_arch_pfn = 0x400000000
[    0.000000] MTRR: Disabled
[    0.000000] x86/PAT: MTRRs disabled, skipping PAT initialization too.
[    0.000000] CPU MTRRs all blank - virtualized system.
[    0.000000] x86/PAT: Configuration [0-7]: WB  WT  UC- UC  WB  WT  UC- UC  
[    0.000000] found SMP MP-table at [mem 0x0009fff0-0x0009ffff]
[    0.000000] Scanning 1 areas for low memory corruption
[    0.000000] RAMDISK: [mem 0x35967000-0x36caafff]
[    0.000000] ACPI: Early table checksum verification disabled
[    0.000000] ACPI: RSDP 0x00000000000E0000 000024 (v02 VBOX  )
[    0.000000] ACPI: XSDT 0x000000003FFF0030 00003C (v01 VBOX   VBOXXSDT 00000001 ASL  00000061)
[    0.000000] ACPI: FACP 0x000000003FFF00F0 0000F4 (v04 VBOX   VBOXFACP 00000001 ASL  00000061)
[    0.000000] ACPI: DSDT 0x000000003FFF0470 0021FF (v02 VBOX   VBOXBIOS 00000002 INTL 20100528)
[    0.000000] ACPI: FACS 0x000000003FFF0200 000040
[    0.000000] ACPI: FACS 0x000000003FFF0200 000040
[    0.000000] ACPI: APIC 0x000000003FFF0240 00005C (v02 VBOX   VBOXAPIC 00000001 ASL  00000061)
[    0.000000] ACPI: SSDT 0x000000003FFF02A0 0001CC (v01 VBOX   VBOXCPUT 00000002 INTL 20100528)
[    0.000000] No NUMA configuration found
[    0.000000] Faking a node at [mem 0x0000000000000000-0x000000003ffeffff]
[    0.000000] NODE_DATA(0) allocated [mem 0x3ffc5000-0x3ffeffff]
[    0.000000] kvm-cloc: u 0, msr 0:3f401, prmay cpu clok
[   0000] vm-clok:Usin ms 4b564d01 and 4b564d00
[    0.000000] kvm-clock: using sched offet of 376750466 cycles
[    0.000000] clocksource: kvm-clock: mask: 0xffffffffffffffff max_cycles: 0x1cd42e4dffb, max_idle_ns: 881590591483 ns
[    0.000000] Zone ranges:
[    0.000000]   DMA      [mem 0x0000000000001000-0x0000000000ffffff]
[    0.000000]   DMA32    [mem 0x000000001000000-0x000000003ffeffff]
[    0.000000]   Normal   empty
[    0.00000]   Device   empty
[    0.000000] Movable zone start for each node
[    0.000000] Early memory node ranges
[    0.000000]   node   0: [mem 0x0000000000001000-0x000000000009efff]
[    0.000000]   nde 0: me0x0000000100-0x00000003ffeffff]
[    0.000000] Reserved but unavailable: 98 pages
[    0.000000] Initmem setup node 0 [mem 0x0000000000001000-0x000000003ffeffff]
[    0.000000] ACPI: PM-Timer IO Port: 0x4008
[    0.000000] IOAPIC[0]: apic_id 2, version 32, address 0xfec00000, GSI 0-23
[    0.000000] ACPI: INT_SRC_OVR (bus 0 bus_irq 0 global_irq 2 dfl dfl)
[    0.000000] ACPI: INT_SRC_OVR (bus 0 bus_irq 9 global_irq 9 low level)
[    0.000000] Using ACPI (MADT) for SMP configuration information
[    0.000000] smpboot: Allowing 2 CPUs, 0 hotplug CPUs
[    0.000000] PM: Registered nosave memory: [mem 0x00000000-0x00000fff]
[    0.000000] PM: Registered nosave memory: [mem 0x0009f000-0x0009ffff]
[    0.000000] PM: Registered nosave memory: [mem 0x000a0000-0x000effff]
[    0.000000] PM: Registered nosave memory: [mem 0x000f0000-0x000fffff]
[    0.000000] e820: [mem 0x40000000-0xfebfffff] available for PCI devices
[    0.000000] Booting paravirtualized kernel on KVM
[    0.000000] cocksur: reined-jfies: mask: 0xffffffmax_ycs: 0ffffff, max_le_ns: 745516011568 ns
   0.0000] random: get_random_bytes called from start_kernel+0x99/0x4fd with crng_init=0
[    0.000000] setup_percpu: NR_CPUS:8192 nr_cpumask_bits:2 nr_cpu_ids:2 nr_node_ids:1
[    0.00000] percp: Emedded 45 pages/cpu s147456 8192 d28672 u1048576
[   .000000] PV qspinlochash tae ntries: 25 (orde: , 4096 btes)
[    0.000000] Built 1 zonelists, mobility grouping on.  Total pages: 257913
[    0.000000] Policy zone: DMA32
[    0.000000] Kernel command line: BOOT_IMAGE=/boot/vmlinuz-4.15.0-88-generic root=UUID=21bd922a-7e24-4b08-8dcb-6e30aec99093 ro console=tty1 console=ttyS0
[    0.000000] Memory: 982544K/1048120K available (12300K kernel code, 2481K rwdata, 4264K rodata, 2428K init, 2712K bss, 65576K reserved, 0K cma-reserved)
[    0.000000] SLUB: HWalign=64, Order=0-3, MinObjects=0, CPUs=2, Nodes=1
[    0.000000] Kernel/User page tables isolation: enabled
[    0.000000] ftrace: allocating 39344 entries in 154 pages
[    0.004000] Hierarchical RCU implementation.
[    0.004000] 	RCU restricting CPUs from NR_CPS=8192 t n_cpuds2.
[  0004000] ass RCUnaled.[    0.00400] RCU: Ajustg eometry for rcu_anut_leaf=6,nr_cpu_is=2[    0.004000] NR_IRQS: 524544, nr_irqs: 440, preallocated irqs: 16
[    0.004000] Console: colour VGA+ 80x25
[    0.004000] console [tty1] enabled
[    0.004000] console [ttyS0] enabled
[    0.004000] ACPI: Core revision 20170831
[    0.004000] ACPI: 2 ACPI AML tables successfully acquired and loaded
[    0.004000] APIC: Switch to symmetric I/O mode setup
[    0.004000] x2apic enabled
[    0.004000] Switched APIC routing to physical x2apic.
[    0.004000] ..TIMER: vector=0x30 apic1=0 pin1=2 apic2=-1 pin2=-1
[    0.004004] tsc: Detected 2400.000 MHz processor
[    0.004806] Calrating delay loop (skipped) preset value.. 4800.00 BogoMIPS (lpj=9600000)
[    0.008009] pid_max: default: 32768 minimum: 301
[    0.012047] Security Framework initialized
[    0.012917] Yama: becoming mindful.
[    0.013588] AppArmor: AppArmor initialized
[    0.016145] Dentry cache hash table entries: 131072 (order: 8, 1048576 bytes)
[    0.017403] Inode-cache hash table entries: 65536 (order: 7, 524288 bytes)
[    0.018535] Mount-cache hash table entries: 2048 (order: 2, 16384 bytes)
[    0.019633] Mountpoint-cache hash table entries: 2048 (order: 2, 16384 bytes)
[    0.020212] Last level iTLB entries: 4KB 64, 2MB 8, 4MB 8
[    0.021149] Last level dTLB entries: 4KB 64, 2MB 0, 4MB 0, 1GB 4
[    0.022140] Spectre V1 : Mitigation: usercopy/swapgs barriers and __user pointer sanitization
[    0.024002] Spectre V2 : Mitigation: Full generic retpoline
[    0.028005] Spectre V2 : Spectre v2 / SpectreRSB mitigation: Filling RSB on context switch
[    0.032002] Speculative Store Bypass: Vulnerable
[    0.032864] MDS: Vulnerable: Clear CPU buffers attempted, no microcode
[    0.034095] Freeing SMP alternatives memory: 36K
[    0.145033] smpboot: CPU0: Intel(R) Core(TM) i5-8279U CPU @ 2.40GHz (family: 0x6, model: 0x8e, stepping: 0xa)
[    0.148081] Performance Events: unsupported p6 CPU model 142 no PMU driver, software events only.
[    0.152069] Hierarchical SRCU implementation.
[    0.153606] NMI watchdog: Perf event create on CPU 0 failed with -2
[    0.156002] NMI watchdog: Perf NMI watchdog permanently disabled
[    0.157054] smp: Bringing up secondary CPUs ...
[    0.157924] x86: Booting SMP configuration:
[    0.158688] .... node  #0, CPUs:      #1
[    0.004000] kvm-clock: cpu 1, msr 0:3ff44041, secondary cpu clock
[    0.163439] smp: Brought up 1 node, 2 CPUs
[    0.164004] smpboot: Max logical packages: 1
[    0.164727] smpboot: Total of 2 processors activated (9600.00 BogoMIPS)
[    0.165910] devtmpfs: initialized
[    0.165910] x86/mm: Memory block size: 128MB
[    0.168119] evm: security.selinux
[    0.168687] evm: security.SMACK64
[    0.169249] evm: security.SMACK64EXEC
[    0.169902] evm: security.SMACK64TRANSMUTE
[    0.172007] evm: security.SMACK64MMAP
[    0.176003] evm: security.apparmor
[    0.180007] evm: security.ima
[    0.184024] evm: security.capability
[    0.188126] clocksource: jiffies: mask: 0xffffffff max_cycles: 0xffffffff, max_idle_ns: 7645041785100000 ns
[    0.190080] futex hash table entries: 512 (order: 3, 32768 bytes)
[    0.193526] pinctrl core: initialized pinctrl subsystem
[    0.194841] RTC time: 11:22:44, date: 03/07/20
[    0.196165] NET: Registered protocol family 16
[    0.200067] audit: initializing netlink subsys (disabled)
[    0.201329] audit: type=2000 audit(1583580165.391:1): state=initialized audit_enabled=0 res=1
[    0.204011] cpuidle: using governor ladder
[    0.204884] cpuidle: using governor menu
[    0.205775] ACPI: bus type PCI registered
[    0.208004] acpiphp: ACPI Hot Plug PCI Controller Driver version: 0.5
[    0.209447] PCI: Using configuration type 1 for base access
[    0.212875] HugeTLB registered 2.00 MiB page size, pre-allocated 0 pages
[    0.213467] ACPI: Added _OSI(Module Device)
[    0.216005] ACPI: Added _OSI(Processor Device)
[    0.216931] ACPI: Added _OSI(3.0 _SCP Extensions)
[    0.217746] ACPI: Added _OSI(Processor Aggregator Device)
[    0.218666] ACPI: Added _OSI(Linux-Dell-Video)
[    0.219456] ACPI: Added _OSI(Linux-Lenovo-NV-HDMI-Audio)
[    0.220002] ACPI: Added _OSI(Linux-HPI-Hybrid-Graphics)
[    0.221211] ACPI: Executed 1 blocks of module-level executable AML code
[    0.225488] ACPI: Interpreter enabled
[    0.226136] ACPI: (supports S0 S5)
[    0.226766] ACPI: Using IOAPIC for interrupt routing
[    0.227745] PCI: Using host bridge windows from ACPI; if necessary, use "pci=nocrs" and report a bug
[    0.228235] ACPI: Enabled 2 GPEs in block 00 to 07
[    0.241247] ACPI: PCI Root Bridge [PCI0] (domain 0000 [bus 00-ff])
[    0.244021] acpi PNP0A03:00: _OSC: OS supports [ASPM ClockPM Segments MSI]
[    0.248051] acpi PNP0A03:00: _OSC: not requesting OS control; OS requires [ExtendedConfig ASPM ClockPM MSI]
[    0.252027] acpi PNP0A03:00: fail to add MMCONFIG information, can't access extended PCI configuration space under this bridge.
[    0.256418] PCI host bridge to bus 0000:00
[    0.257133] pci_bus 0000:00: root bus resource [io  0x0000-0x0cf7 window]
[    0.258259] pci_bus 0000:00: root bus resource [io  0x0d00-0xffff window]
[    0.260003] pci_bus 0000:00: root bus resource [mem 0x000a0000-0x000bffff window]
[    0.261264] pci_bus 0000:00: root bus resource [mem 0x40000000-0xfdffffff window]
[    0.262517] pci_bus 0000:00: root bus resource [bus 00-ff]
[    0.266342] pci 0000:00:01.1: legacy IDE quirk: reg 0x10: [io  0x01f0-0x01f7]
[    0.267655] pci 0000:00:01.1: legacy IDE quirk: reg 0x14: [io  0x03f6]
[    0.268003] pci 0000:00:01.1: legacy IDE quirk: reg 0x18: [io  0x0170-0x0177]
[    0.269171] pci 0000:00:01.1: legacy IDE quirk: reg 0x1c: [io  0x0376]
[    0.283432] pci 0000:00:07.0: quirk: [io  0x4000-0x403f] claimed by PIIX4 ACPI
[    0.284069] pci 0000:00:07.0: quirk: [io  0x4100-0x410f] claimed by PIIX4 SMB
[    0.300005] ACPI: PCI Interrupt Link [LNKA] (IRQs 5 9 10 *11)
[    0.304312] ACPI: PCI Interrupt Link [LNKB] (IRQs 5 9 *10 11)
[    0.305758] ACPI: PCI Interrupt Link [LNKC] (IRQs 5 *9 10 11)
[    0.307157] ACPI: PCI Interrupt Link [LNKD] (IRQs 5 9 10 *11)
[    0.308378] SCSI subsystem initialized
[    0.309324] pci 0000:00:02.0: vgaarb: setting as boot VGA device
[    0.309369] pci 0000:00:02.0: vgaarb: VGA device added: decodes=io+mem,owns=io+mem,locks=none
[    0.312006] pci 0000:00:02.0: vgaarb: bridge control possible
[    0.313301] vgaarb: loaded
[    0.316032] ACPI: bus type USB registered
[    0.316999] usbcore: registered new interface driver usbfs
[    0.318128] usbcore: registered new interface driver hub
[    0.319336] usbcore: registered new device driver usb
[    0.320051] EDAC MC: Ver: 3.0.0
[    0.321031] PCI: Using ACPI for IRQ routing
[    0.324345] NetLabel: Initializing
[    0.328002] NetLabel:  domain hash size = 128
[    0.328983] NetLabel:  protocols = UNLABELED CIPSOv4 CALIPSO
[    0.330231] NetLabel:  unlabeled traffic allowed by default
[    0.331277] clocksource: Switched to clocksource kvm-clock
[    0.316] FS: Disk quotas dquot_6.6.0
[    0.448987] VFS: Dquot-cache hash table entries: 512 (order 0, 406 ytes
  0.79] Aprm: pAorilysm Enabled[  09327] pnp: PnP ACPI in
  1.03] pnp: PnP ACPI: found 3 deices

[    1.420635] clocksource: acpi_pm: mask: 0xffffff max_cycles: 0xffffff, max_idle_ns: 2085701024 ns
[    1.422215] NET: Registered protocol family 2
[    1.423096] TCP established hash table entries: 8192 (order: 4, 65536 bytes)
[    1.425774] TCP bind hash table entries: 8192 (order: 5, 131072 bytes)
[    1.426844] TCP: Hash tables configured (establshed 8192 bind 8192)
[    1.454610] UDP hash table entries: 512 (order: 2, 16384 bytes)
[    1.455759] UDP-Lite hash table entries: 512 (order: 2, 16384 bytes)
[    1.456886] NET: Registered protocol family 1
[    1.457651] pci 0000:00:00.0: Limiting direct PCI/PCI transfers
[    1.459032] pci 0000:00:01.0: Activating ISA DMA hang workarounds
[    1.460115] pci 0000:00:02.0: Video device with shadowed ROM at [mem 0x000c0000-0x000dffff]
[    1.461614] Unpacking initramfs...
[   7075Freeig it memory: 198K

[    2.67] ocoue:scma: fffffffffffff max_cycles: 0x22983777dd9, max_idle_ns: 440795300422 ns
[    2.458147] platformrtc_cmos: registered platform RTC devic (no PNP device found)
[    2.505032] Scanning for low memory corruption every 60 seconds

[    2.506741] Initialise system trusted keyrings
[    2.507848] Key type blacklist registered
[    2.508727] workingset: timestamp_bits=36 max_order=18 bucket_order=0
[    2.510513] zbud: loaded
[    2.511378] squashfs: version 4.0 (2009/01/31) Phillip Lougher
[    2.512609] fuse init (API version 7.26)
[    2.565973] Key type asymmetric registered
[    2.566761] Asymmetric key parser 'x509' registered
[    2.567599] Block layer SCSI generic (bsg) driver version 0.4 loaded (major 246)
[    2.568909] io scheduler noop registered
[    2.569580] io scheduler deadline registered
[    2.570316] io scheduler cfq registered (default)
[    2.571547] ACPI: AC Adapter [AC] (off-line)
[    2.677977] input: Power Button as /devices/LNXSYSTM:00/LNXPWRBN:00/input/input0
[    2.826122] ACPI: Power Button [PWRF]
[    2.826870] input: Sleep Button as /devices/LNXSYSTM:00/LNXSLPBN:00/input/input1
[    2.828099] ACPI: Sleep Button [SLPF]
[    2.893093] Serial: 8250/16550 driver, 32 ports, IRQ sharing enabled
[    2.894301] ACPI: Battery Slot [AAT0] (battery present)
[    3.298706] 00:02: ttyS0 at I/O 0x3f8 (irq = 4, base_baud = 115200) is a 16550A
[    3.455342] Linux agpgart interface v0.103
[    3.473237] loop: module loaded
[    3.475598] scsi host0: ata_piix
[    3.476322] scsi host1: ata_piix
[    3.476926] ata1: PATA max UDMA/33 cmd 0x1f0 ctl 0x3f6 bmdma 0xd000 irq 14
[    3.478060] ata2: PATA max UDMA/33 cmd 0x170 ctl 0x376 bmdma 0xd008 irq 15
[    3.479548] libphy: Fixed MDIO Bus: probed
[    3.480346] tun: Universal TUN/TAP device driver, 1.6
[    3.481271] PPP generic driver version 2.4.2
[    3.482088] ehci_hcd: USB 2.0 'Enhanced' Host Controller (EHCI) Driver
[    3.553226] ehci-pci: EHCI PCI platform driver
[    3.554394] ehci-platform: EHCI generic platform driver
[    3.555635] ohci_hcd: USB 1.1 'Open' Host Controller (OHCI) Driver
[    3.557065] ohci-pci: OHCI PCI platform driver
[    3.558048] ohci-platform: OHCI generic platform driver
[    3.559228] uhci_hcd: USB Universal Host Controller Interface driver
[    3.568451] i8042: PNP: PS/2 Controller [PNP0303:PS2K,PNP0f03:PS2M] at 0x60,0x64 irq 1,12
[    3.570715] serio: i8042 KBD port at 0x60,0x64 irq 1
[    3.571820] serio: i8042 AUX port at 0x60,0x64 irq 12
[    3.573152] mousedev: PS/2 mouse device common for all mice
[    3.574812] input: AT Translated Set 2 keyboard as /devices/platform/i8042/serio0/input/input2
[    3.577187] rtc_cmos rtc_cmos: rtc core: registered rtc_cmos as rtc0
[    3.578484] rtc_cmos rtc_cmos: alarms up to one day, 114 bytes nvram
[    3.584490] i2c /dev entries driver
[    3.588153] device-mapper: uevent: version 1.0.3
[    3.589096] device-mapper: ioctl: 4.37.0-ioctl (2017-09-20) initialised: dm-devel@redhat.com
[    3.590545] ledtrig-cpu: registered to indicate activity on CPUs
[    3.591930] NET: Registered protocol family 10
[    3.595575] Segment Routing with IPv6
[    3.596275] NET: Registered protocol family 17
[    3.597102] Key type dns_resolver registered
[    3.597992] mce: Using 0 MCE banks
[    3.598690] RAS: Correctable Errors collector initialized.
[    3.599794] sched_clock: Marking stable (3597971983, 0)->(9367792706, -5769820723)
[    3.601678] registered taskstats version 1
[    3.602415] Loading compiled-in X.509 certificates
[    3.605138] Loaded X.509 cert 'Build time autogenerated kernel key: f0020782f0d3a548186fb3f47aed88387a71e859'
[    3.606786] zswap: loaded using pool lzo/zbud
[    3.610860] Key type big_key registered
[    3.611623] Key type trusted registered
[    3.613606] Key type encrypted registered
[    3.614310] AppArmor: AppArmor sha1 policy hashing enabled
[    3.615235] ima: No TPM chip found, activating TPM-bypass! (rc=-19)
[    3.616335] ima: Allocated hash algorithm: sha1
[    3.617122] evm: HMAC attrs: 0x1
[    3.618050]   Magic number: 12:494:377
[    3.619186] acpi PNP0700:00: hash matches
[    3.619946] rtc_cmos rtc_cmos: setting system clock to 2020-03-07 11:22:49 UTC (1583580169)
[    3.621569] BIOS EDD facility v0.16 2004-Jun-25, 0 devices found
[    3.622586] EDD information not available.
[    3.646110] Freeing unused kernel image memory: 2428K
[    3.764674] Write protecting the kernel read-only data: 20480k
[    3.808594] Freeing unused kernel image memory: 2008K
[    3.818405] Freeing unused kernel image memory: 1880K
[    3.903103] x86/mm: Checked W+X mappings: passed, no W+X pages found.
[    3.978994] x86/mm: Checking user space page tables
[    3.984813] x86/mm: Checked W+X mappings: passed, no W+X pages found.
Loading, please wait...
starting version 237
[    4.288066] e1000: Intel(R) PRO/1000 Network Driver - version 7.3.21-k8-NAPI
[    4.541344] e1000: Copyright (c) 1999-2006 Intel Corporation.
[    4.639221] Fusion MPT base driver 3.04.20
[    4.641854] Copyright (c) 1999-2008 LSI Corporation
[    4.646763] Fusion MPT SPI Host driver 3.04.20
[    4.658960] AVX2 version of gcm_enc/dec engaged.
[    4.664488] AES CTR mode by8 optimization enabled
[    4.845008] input: ImExPS/2 Generic Explorer Mouse as /devices/platform/i8042/serio1/input/input4
[    5.050668] e1000 0000:00:03.0 eth0: (PCI:33MHz:32-bit) 02:5f:72:41:67:a2
[    5.229218] e1000 0000:00:03.0 eth0: Intel(R) PRO/1000 Network Connection
[    5.487080] mptbase: ioc0: Initiating bringup
[    5.584687] ioc0: LSI53C1030 A0: Capabilities={Initiator}
[    5.969048] scsi host2: ioc0: LSI53C1030 A0, FwRev=00000000h, Ports=1, MaxQ=256, IRQ=20
[    6.188761] scsi 2:0:0:0: Direct-Access     VBOX     HARDDISK         1.0  PQ: 0 ANSI: 5
[    6.529788] scsi target2:0:0: Beginning Domain Validation
[    6.668790] scsi target2:0:0: Domain Validation skipping write tests
[    6.669892] scsi target2:0:0: Ending Domain Validation
[    6.670829] scsi target2:0:0: asynchronous
[    6.671824] scsi 2:0:1:0: Direct-Access     VBOX     HARDDISK         1.0  PQ: 0 ANSI: 5
[    6.852766] scsi target2:0:1: Beginning Domain Validation
[    6.880629] e1000 0000:00:08.0 eth1: (PCI:33MHz:32-bit) 08:00:27:ba:16:de
[    6.998781] random: fast init done
[    7.003122] e1000 0000:00:08.0 eth1: Intel(R) PRO/1000 Network Connection
[    7.004018] scsi target2:0:1: Domain Validation skipping write tests
[    7.006098] scsi target2:0:1: Ending Domain Validation
[    7.007074] random: systemd-udevd: uninitialized urandom read (16 bytes read)
[    7.008371] scsi target2:0:1: asynchronous
[    7.008372] random: systemd-udevd: uninitialized urandom read (16 bytes read)
[    7.008386] random: systemd-udevd: uninitialized urandom read (16 bytes read)
[    7.012534] e1000 0000:00:08.0 enp0s8: renamed from eth1
[    7.091432] sd 2:0:0:0: Attached scsi generic sg0 type 0
[    7.092560] sd 2:0:0:0: [sda] 20971520 512-byte logical blocks: (10.7 GB/10.0 GiB)
[    7.093908] sd 2:0:0:0: [sda] Write Protect is off
[    7.094174] sd 2:0:1:0: [sdb] 20480 512-byte logical blocks: (10.5 MB/10.0 MiB)
[    7.097904] sd 2:0:1:0: [sdb] Write Protect is off
[    7.097972] sd 2:0:1:0: Attached scsi generic sg1 type 0
[    7.099735] sd 2:0:0:0: [sda] Incomplete mode parameter data
[    7.099828] sd 2:0:1:0: [sdb] Incomplete mode parameter data
[    7.100718] sd 2:0:0:0: [sda] Assuming drive cache: write through
[    7.101670] sd 2:0:1:0: [sdb] Assuming drive cache: write through
[    7.111718]  sda: sda1
[    7.112424] e1000 0000:00:03.0 enp0s3: renamed from eth0
[    7.116961] sd 2:0:1:0: [sdb] Attached SCSI disk
[    7.117845] sd 2:0:0:0: [sda] Attached SCSI disk
Begin: Loading essential drivers ... [    8.500219] raid6: sse2x1   gen() 14021 MB/s
[    8.560104] raid6: sse2x1   xor()  9810 MB/s
[    8.676231] raid6: sse2x2   gen() 16502 MB/s
[    8.808321] raid6: sse2x2   xor() 11534 MB/s
[    8.928016] raid6: sse2x4   gen() 19195 MB/s
[    9.020500] raid6: sse2x4   xor() 10834 MB/s
[    9.160159] raid6: avx2x1   gen() 26796 MB/s
[    9.300278] raid6: avx2x1   xor() 19290 MB/s
[    9.440166] raid6: avx2x2   gen() 32561 MB/s
[    9.516527] raid6: avx2x2   xor() 19770 MB/s
[    9.632033] raid6: avx2x4   gen() 38452 MB/s
[    9.764223] raid6: avx2x4   xor() 22517 MB/s
[    9.864626] raid6: using algorithm avx2x4 gen() 38452 MB/s
[    9.974050] raid6: .... xor() 22517 MB/s, rmw enabled
[   10.022389] raid6: using avx2x2 recovery algorithm
[   10.025787] xor: automatically using best checksumming function   avx       
[   10.027933] async_tx: api initialized (async)
done.
Begin: Running /scripts/init-premount ... done.
Begin: Mounting root file system ... Begin: Running /scripts/local-top ... done.
Begin: Running /scripts/local-premount ... [   10.119298] Btrfs loaded, crc32c=crc32c-intel
Scanning for Btrfs filesystems
done.
Warning: fsck not present, so skipping root file system
[   10.270618] EXT4-fs (sda1): mounted filesystem with ordered data mode. Opts: (null)
done.
Begin: Running /scripts/local-bottom ... done.
Begin: Running /scripts/init-bottom ... done.
[   10.453602] ip_tables: (C) 2000-2006 Netfilter Core Team
[   10.463322] systemd[1]: systemd 237 running in system mode. (+PAM +AUDIT +SELINUX +IMA +APPARMOR +SMACK +SYSVINIT +UTMP +LIBCRYPTSETUP +GCRYPT +GNUTLS +ACL +XZ +LZ4 +SECCOMP +BLKID +ELFUTILS +KMOD -IDN2 +IDN -PCRE2 default-hierarchy=hybrid)
[   10.466888] systemd[1]: Detected virtualization oracle.
[   10.467883] systemd[1]: Detected architecture x86-64.

Welcome to [1mUbuntu 18.04.2 LTS[0m!

[   10.526353] systemd[1]: Set hostname to <ubuntu-bionic>.
[   10.762500] systemd[1]: Reached target User and Group Name Lookups.
[[0;32m  OK  [0m] Reached target User and Group Name Lookups.
[   10.766840] systemd[1]: Created slice System Slice.
[[0;32m  OK  [0m] Created slice System Slice.
[   10.769163] systemd[1]: Listening on Journal Audit Socket.
[[0;32m  OK  [0m] Listening on Journal Audit Socket.
[   10.771365] systemd[1]: Listening on Network Service Netlink Socket.
[[0;32m  OK  [0m] Listening on Network Service Netlink Socket.
[   10.773797] systemd[1]: Listening on udev Kernel Socket.
[[0;32m  OK  [0m] Listening on udev Kernel Socket.
[   10.775955] systemd[1]: Listening on Journal Socket (/dev/log).
[[0;32m  OK  [0m] Listening on Journal Socket (/dev/log).
[[0;32m  OK  [0m] Created slice system-serial\x2dgetty.slice.
[[0;32m  OK  [0m] Listening on Device-mapper event daemon FIFOs.
[[0;32m  OK  [0m] Listening on LVM2 poll daemon socket.
[[0;32m  OK  [0m] Reached target System Time Synchronized.
[[0;32m  OK  [0m] Set up automount Arbitrary Executabâ€¦rmats File System Automount Point.
[[0;32m  OK  [0m] Listening on udev Control Socket.
[[0;32m  OK  [0m] Started Forward Password Requests to Wall Directory Watch.
[[0;32m  OK  [0m] Listening on Syslog Socket.
[[0;32m  OK  [0m] Listening on Journal Socket.
         Starting udev Coldplug all Devices...
         Starting Create list of required stâ€¦ce nodes for the current kernel...
         Starting Remount[   11.112680] EXT4-fs (sda1): re-mounted. Opts: (null)
 Root and Kernel File Systems...
         Starting Set the console keyboard layout...
         Mounting POSIX Message Queue File System...
         Starting Journal Service...
[[0;32m  OK  [0m] Created slice User and Session Slice.
[[0;32m  OK  [0m] Reached target Slices.
         Mounting Huge Pages File System...
         Starting Uncomplicated firewall...
         Mounting Kernel Debug File System...
[[0;32m  OK  [0m] Reached target Swap.
         Starting Load Kernel Modules...
[[0;32m  OK  [0m] Listening on /dev/initctl Compatibility Named Pipe.
[[0;32m  OK  [0m] Listening on LVM2 metadata daemon socket.
         Starting Monitoring of LVM2 mirrorsâ€¦ng dmeventd or progress polling...
[[0;32m  OK  [0m] Started Journal Service.
[   11.227470] Loading iSCSI transport class v2.0-870.
[[0;32m  OK  [0m] Started Create list of required staâ€¦vice nodes for the current kernel.
[[0;32m  OK  [0m] Started Remount Root and Kernel File Systems.
[   11.237977] iscsi: registered transport (tcp)
[[0;32m  OK  [0m] Mounted POSIX Message Queue File System.
[[0;32m  OK  [0m] Mounted Huge Pages File System.
[[0;32m  OK  [0m] Started Uncomplicated firewall.
[[0;32m  OK  [0m] Mounted Kernel Debug File System.
[[0;32m  OK  [0m] Started udev Coldplug all Devices.
         Starting Load/Save Random Seed...
[   11.409602] iscsi: registered transport (iser)
         Starting Create Static Device Nodes in /dev...
         Starting Flush Journal to Persistent Storage...
[[0;32m  OK  [0m] Started Load Kernel Modules.
[[0;32m  OK  [0m] Started Load/Save Random Seed.
[[0;32m  OK  [0m] Started LVM2 metadata daemon.
         Mounting FUSE Control File System...
         Starting Apply Kernel Variables...
         Mounting Kernel Configuration File System...
[[0;32m  OK  [0m] Started Create Static Device Nodes in /dev.
[[0;32m  OK  [0m] Started Set the console keyboard layout.
[[0;32m  OK  [0m] Mounted FUSE Control File System.
[[0;32m  OK  [0m] Mounted Kernel Configuration File System.
         Starting udev Kernel Device Manager...
[[0;32m  OK  [0m] Started Monitoring of LVM2 mirrors,â€¦sing dmeventd or progress polling.
[[0;32m  OK  [0m] Reached target Local File Systems (Pre).
[[0;32m  OK  [0m] Reached target Local File Systems.
         Starting Tell Plymouth To Write Out Runtime Data...
         Starting Set console font and keymap...
         Starting AppArmor initialization...
         Starting ebtables ruleset management...
[[0;32m  OK  [0m] Started Apply Kernel Variables.
[[0;32m  OK  [0m] Started udev Kernel Device Manager.
[[0;32m  OK  [0m] Started Dispatch Password Requests to Console Directory Watch.
[[0;32m  OK  [0m] Reached target Local Encrypted Volumes.
[[0;32m  OK  [0m] Started Tell Plymouth To Write Out Runtime Data.
[[0;32m  OK  [0m] Started Set console font and keymap.
[[0;32m  OK  [0m] Started Flush Journal to Persistent Storage.
[[0;32m  OK  [0m] Started ebtables ruleset management.
[[0;32m  OK  [0m] Found device /dev/ttyS0.
[[0;32m  OK  [0m] Listening on Load/Save RF Kill Switch Status /dev/rfkill Watch.
         Starting Create Volatile Files and Directories...
[[0;32m  OK  [0m] Started Create Volatile Files and Directories.
         Starting Update UTMP about System Boot/Shutdown...
[[0;32m  OK  [0m] Started Update UTMP about System Boot/Shutdown.
[[0;32m  OK  [0m] Started AppArmor initialization.
         Starting Initial cloud-init job (pre-networking)...
[   13.045753] cloud-init[528]: Cloud-init v. 19.1-1-gbaa47854-0ubuntu1~18.04.1 running 'init-local' at Sat, 07 Mar 2020 11:22:58 +0000. Up 12.85 seconds.
[[0;32m  OK  [0m] Started Initial cloud-init job (pre-networking).
[[0;32m  OK  [0m] Reached target Network (Pre).
         Starting Network Service...
[[0;32m  OK  [0m] Started Network Service.
         Starting Wait for Network to be Configured...
         Starting Network Name Resolution...
[[0;32m  OK  [0m] Started Network Name Resolution.
[[0;32m  OK  [0m] Reached target Network.
[[0;32m  OK  [0m] Reached target Host and Network Name Lookups.
[[0;32m  OK  [0m] Started Wait for Network to be Configured.
         Starting Initial cloud-init job (metadata service crawler)...
[   15.350701] cloud-init[719]: Cloud-init v. 19.1-1-gbaa47854-0ubuntu1~18.04.1 running 'init' at Sat, 07 Mar 2020 11:23:01 +0000. Up 15.23 seconds.
[   15.364260] cloud-init[719]: ci-info: ++++++++++++++++++++++++++++++++++++++Net device info+++++++++++++++++++++++++++++++++++++++
[   15.388336] cloud-init[719]: ci-info: +--------+------+-----------------------------+---------------+--------+-------------------+
[   15.406889] cloud-init[719]: ci-info: | Device |  Up  |           Address           |      Mask     | Scope  |     Hw-Address    |
[   15.408720] cloud-init[719]: ci-info: +--------+------+-----------------------------+---------------+--------+-------------------+
[   15.410460] cloud-init[719]: ci-info: | enp0s3 | True |          10.0.2.15          | 255.255.255.0 | global | 02:5f:72:41:67:a2 |
[   15.412112] cloud-init[719]: ci-info: | enp0s3 | True |  fe80::5f:72ff:fe41:67a2/64 |       .       |  link  | 02:5f:72:41:67:a2 |
[   15.413766] cloud-init[719]: ci-info: | enp0s8 | True |        192.168.33.10        | 255.255.255.0 | global | 08:00:27:ba:16:de |
[   15.415421] cloud-init[719]: ci-info: | enp0s8 | True | fe80::a00:27ff:feba:16de/64 |       .       |  link  | 08:00:27:ba:16:de |
[   15.429449] cloud-init[719]: ci-info: |   lo   | True |          127.0.0.1          |   255.0.0.0   |  host  |         .         |
[   15.431241] cloud-init[719]: ci-info: |   lo   | True |           ::1/128           |       .       |  host  |         .         |
[   15.432934] cloud-init[719]: ci-info: +--------+------+-----------------------------+---------------+--------+-------------------+
[   15.434621] cloud-init[719]: ci-info: +++++++++++++++++++++++++++++Route IPv4 info+++++++++++++++++++++++++++++
[   15.436124] cloud-init[719]: ci-info: +-------+--------------+----------+-----------------+-----------+-------+
[   15.443258] cloud-init[719]: ci-info: | Route | Destination  | Gateway  |     Genmask     | Interface | Flags |
[   15.444785] cloud-init[719]: ci-info: +-------+--------------+----------+-----------------+-----------+-------+
[   15.446233] cloud-init[719]: ci-info: |   0   |   0.0.0.0    | 10.0.2.2 |     0.0.0.0     |   enp0s3  |   UG  |
[   15.447733] cloud-init[719]: ci-info: |   1   |   10.0.2.0   | 0.0.0.0  |  255.255.255.0  |   enp0s3  |   U   |
[   15.449182] cloud-init[719]: ci-info: |   2   |   10.0.2.2   | 0.0.0.0  | 255.255.255.255 |   enp0s3  |   UH  |
[   15.450643] cloud-init[719]: ci-info: |   3   | 192.168.33.0 | 0.0.0.0  |  255.255.255.0  |   enp0s8  |   U   |
[   15.452252] cloud-init[719]: ci-info: +-------+--------------+----------+-----------------+-----------+-------+
[   15.458204] cloud-init[719]: ci-info: +++++++++++++++++++Route IPv6 info+++++++++++++++++++
[   15.462434] cloud-init[719]: ci-info: +-------+-------------+---------+-----------+-------+
[   15.463915] cloud-init[719]: ci-info: | Route | Destination | Gateway | Interface | Flags |
[   15.465227] cloud-init[719]: ci-info: +-------+-------------+---------+-----------+-------+
[   15.467249] cloud-init[719]: ci-info: |   1   |  fe80::/64  |    ::   |   enp0s3  |   U   |
[   15.468595] cloud-init[719]: ci-info: |   2   |  fe80::/64  |    ::   |   enp0s8  |   U   |
[   15.469898] cloud-init[719]: ci-info: |   4   |    local    |    ::   |   enp0s3  |   U   |
[   15.471926] cloud-init[719]: ci-info: |   5   |    local    |    ::   |   enp0s8  |   U   |
[   15.473287] cloud-init[719]: ci-info: |   6   |   ff00::/8  |    ::   |   enp0s3  |   U   |
[   15.474494] cloud-init[719]: ci-info: |   7   |   ff00::/8  |    ::   |   enp0s8  |   U   |
[   15.475683] cloud-init[719]: ci-info: +-------+-------------+---------+-----------+-------+
[[0;32m  OK  [0m] Started Initial cloud-init job (metadata service crawler).
[[0;32m  OK  [0m] Reached target Cloud-config availability.
[[0;32m  OK  [0m] Reached target System Initialization.
[[0;32m  OK  [0m] Listening on Open-iSCSI iscsid Socket.
         Starting LXD - unix socket.
[[0;32m  OK  [0m] Started Discard unused blocks once a week.
[[0;32m  OK  [0m] Listening on D-Bus System Message Bus Socket.
         Starting Socket activation for snappy daemon.
[[0;32m  OK  [0m] Started Daily apt download activities.
[[0;32m  OK  [0m] Listening on UUID daemon activation socket.
[[0;32m  OK  [0m] Started ACPI Events Check.
[[0;32m  OK  [0m] Reached target Paths.
[[0;32m  OK  [0m] Started Daily Cleanup of Temporary Directories.
[[0;32m  OK  [0m] Started Message of the Day.
[[0;32m  OK  [0m] Listening on ACPID Listen Socket.
[[0;32m  OK  [0m] Started Daily apt upgrade and clean activities.
[[0;32m  OK  [0m] Reached target Timers.
[[0;32m  OK  [0m] Reached target Network is Online.
[[0;32m  OK  [0m] Reached target Remote File Systems (Pre).
[[0;32m  OK  [0m] Reached target Remote File Systems.
         Starting Availability of block devices...
[[0;32m  OK  [0m] Listening on LXD - unix socket.
[[0;32m  OK  [0m] Listening on Socket activation for snappy daemon.
[[0;32m  OK  [0m] Started Availability of block devices.
[[0;32m  OK  [0m] Reached target Sockets.
[[0;32m  OK  [0m] Reached target Basic System.
         Starting System Logging Service...
         Starting vboxadd.service...
         Starting Login Service...
         Starting LXD - container startup/shutdown...
[[0;32m  OK  [0m] Started Regular background program processing daemon.
[[0;32m  OK  [0m] Started Deferred execution scheduler.
         Starting Accounts Service...
         Starting LSB: Record successful boot for GRUB...
[[0;32m  OK  [0m] Started FUSE filesystem for LXC.
         Starting Snappy daemon...
         Starting OpenBSD Secure Shell server...
[[0;32m  OK  [0m] Started irqbalance daemon.
         Starting LSB: automatic crash report generation...
         Starting Dispatcher daemon for systemd-networkd...
         Starting Permit User Sessions...
[[0;32m  OK  [0m] Started D-Bus System Message Bus.
[[0;32m  OK  [0m] Started Login Service.
[[0;32m  OK  [0m] Started Unattended Upgrades Shutdown.
[[0;32m  OK  [0m] Started System Logging Service.
[[0;32m  OK  [0m] Started LXD - container startup/shutdown.
[[0;32m  OK  [0m] Started Permit User Sessions.
[[0;32m  OK  [0m] Started Snappy daemon.
[[0;32m  OK  [0m] Started OpenBSD Secure Shell server.
         Starting Wait until snapd is fully seeded...
         Starting Authorization Manager...
         Starting Terminate Plymouth Boot Screen...
         Starting Hold until boot process finishes up...
[[0;32m  OK  [0m] Started Terminate Plymouth Boot Screen.
[[0;32m  OK  [0m] Started LSB: automatic crash report generation.
[[0;32m  OK  [0m] Started Hold until boot process finishes up.
[[0;32m  OK  [0m] Started LSB: Record successful boot for GRUB.
[[0;32m  OK  [0m] Started Wait until snapd is fully seeded.
[[0;32m  OK  [0m] Started Authorization Manager.
[[0;32m  OK  [0m] Started Accounts Service.
         Starting Apply the settings specified in cloud-config...
[[0;32m  OK  [0m] Started Serial Getty on ttyS0.
         Starting Set console scheme...
[[0;32m  OK  [0m] Started Set console scheme.
[[0;32m  OK  [0m] Started Dispatcher daemon for systemd-networkd.
[[0;32m  OK  [0m] Started vboxadd.service.
         Starting vboxadd-service.service...
[[0;32m  OK  [0m] Created slice system-getty.slice.
[[0;32m  OK  [0m] Started Getty on tty1.
[[0;32m  OK  [0m] Reached target Login Prompts.
[[0;32m  OK  [0m] Started vboxadd-service.service.
[[0;32m  OK  [0m] Reached target Multi-User System.
[[0;32m  OK  [0m] Reached target Graphical Interface.
         Starting Update UTMP about System Runlevel Changes...
[[0;32m  OK  [0m] Started Update UTMP about System Runlevel Changes.
[   17.069313] cloud-init[1221]: Cloud-init v. 19.1-1-gbaa47854-0ubuntu1~18.04.1 running 'modules:config' at Sat, 07 Mar 2020 11:23:02 +0000. Up 16.91 seconds.
[[0;32m  OK  [0m] Started Apply the settings specified in cloud-config.
         Starting Execute cloud user/final scripts...
[   17.535629] cloud-init[1315]: Cloud-init v. 19.1-1-gbaa47854-0ubuntu1~18.04.1 running 'modules:final' at Sat, 07 Mar 2020 11:23:03 +0000. Up 17.44 seconds.
[   17.574406] cloud-init[1315]: Cloud-init v. 19.1-1-gbaa47854-0ubuntu1~18.04.1 finished at Sat, 07 Mar 2020 11:23:03 +0000. Datasource DataSourceNoCloud [seed=/dev/sdb][dsmode=net].  Up 17.52 seconds
[[0;32m  OK  [0m] Started Execute cloud user/final scripts.
[[0;32m  OK  [0m] Reached target Cloud-init target.

Ubuntu 18.04.2 LTS ubuntu-bionic ttyS0

ubuntu-bionic login: 